main.c:84:5:toString	32	static
main.c:127:6:HX711_Init	32	static
main.c:148:5:HX711_Value	24	static
main.c:176:5:HX711_Average_Value	24	static
main.c:186:7:HX711_Tare	40	static
main.c:192:5:getWeight	16	static
main.c:199:6:servo_write	24	static
main.c:211:6:delay	16	static
main.c:217:10:us_read	32	static
main.c:239:8:dist	24	static
main.c:244:6:feeding	16	static
main.c:257:6:HAL_TIM_PeriodElapsedCallback	16	static
main.c:275:5:main	72	static
main.c:373:6:SystemClock_Config	88	static
main.c:416:13:MX_TIM1_Init	32	static
main.c:462:13:MX_TIM4_Init	48	static
main.c:511:13:MX_TIM10_Init	8	static
main.c:542:13:MX_USART2_UART_Init	8	static
main.c:575:13:MX_GPIO_Init	56	static
main.c:702:6:Error_Handler	4	static
